// Jest Snapshot v1, https://goo.gl/fbAQLP

exports[`Modal.vue renders pasted content 1`] = `
<anonymous-stub>
  <div
    class="background"
  >
    <div
      class="container"
    >
      <div
        class="test-content"
      >
        Test content
      </div>
      <div
        class="another-test-content"
      >
        Another test content
      </div>
    </div>
  </div>
</anonymous-stub>
`;
